---
source: crates/oxc_semantic/tests/integration/cfg.rs
expression: output.basic_blocks_printed()
input_file: crates/oxc_semantic/tests/integration/cfg_fixtures/labelled_try_break.js
---
bb0: {

}

bb1: {

}

bb2: {
	return <value>
}

bb3: {

}

bb4: {
	Unreachable
}

bb5: {
	Unreachable
	break
}

bb6: {
	Unreachable
}

bb7: {

}

bb8: {
	Unreachable
	break
}

bb9: {
	return <value>
}

bb10: {
	Unreachable
}

bb11: {

}
